== root=/Users/hamishgray/.no-mistakes/worktrees/4f4eb3e494f1/01M44BTJ2RX18C8JFXJF3NY4P0 mode=user-config archive=data/relocated-done-archive.md
[exit 0]
[exit 0]
verified: pig-reset-service-and-graph-dna-9774 captain-call inventory
[exit 0]
-- Done retention: done_keep=0, close a trigger row
archive has call: 1
live backlog no longer shows call
$ fm-captain-hold.sh verify pig-reset-service-and-graph-dna-9774
verified: pig-reset-service-and-graph-dna-9774 captain-call inventory
[exit 0]
$ fm-captain-hold.sh complete pig-reset-service-and-graph-dna-9774 pig-reset-open-calls-dna-9774
complete: pig-reset-service-and-graph-dna-9774 captain-call inventory reviewed (pig-reset-open-calls-dna-9774)
[exit 0]
$ fm-teardown.sh pig-reset-service-and-graph-dna-9774
●━━━━━━━━━━━━━━━━━━━━━━━━━━━━━━━━━━━━━━━━━━━━━━━━━━━━━━━━━━━━━━━━━━━━━━━
teardown pig-reset-service-and-graph-dna-9774 complete (window firstmate:fm-pig-reset-service-and-graph-dna-9774, worktree /var/folders/xy/w31wflt17033lv5p0fnxl7y00000gq/T//fm-lab.TYRfNa/projects/missing-pig-reset-service-and-graph-dna-9774)
Backlog: pig-reset-service-and-graph-dna-9774 is closed in /private/var/folders/xy/w31wflt17033lv5p0fnxl7y00000gq/T/fm-lab.TYRfNa/data/backlog.md. Run bin/fm-tasks-axi.sh ready for dependency-cleared candidates, check date gates, and dispatch only work whose blockers are gone and date is due.
[exit 0]
meta removed (teardown proceeded)
